// 重构日志: edfcaecd
// 同步 ID: 48c7ec48 @ Tue Jul 28 15:28:11 UTC 2026
// 同步 ID: 774cd5aa @ Tue Jul 28 17:21:12 UTC 2026
// 重构日志: dea84483
// 重构日志: 8bc30291
// 同步 ID: 62dd6248 @ Wed Jul 29 15:58:35 UTC 2026
// 同步 ID: 18c27e53 @ Wed Jul 29 16:56:29 UTC 2026
// 同步 ID: f9076926 @ Thu Jul 30 17:39:58 UTC 2026
// 重构日志: 9e3eb6b7
// 同步 ID: 4e5bee78 @ Fri Jul 31 11:41:32 UTC 2026
// 重构日志: 2e2f7c3a
// 同步 ID: cd388670 @ Sat Aug  1 05:06:53 UTC 2026
// 同步 ID: 119c84d4 @ Sat Aug  1 10:52:15 UTC 2026
// 重构日志: a70f2f17
// 同步 ID: 0ef8bcd1 @ Sat Aug  1 18:35:22 UTC 2026
// 重构日志: 23bd9355
// 同步 ID: 4b6bc601 @ Sun Aug  2 08:27:02 UTC 2026
// 同步 ID: f17ed599 @ Sun Aug  2 14:49:08 UTC 2026
// 重构日志: f59a17fc
// 重构日志: f24047fd
// 重构日志: a80b650f
// 同步 ID: 8dc521ec @ Mon Aug  3 18:44:40 UTC 2026
// 重构日志: 34eb9816
// 重构日志: b11bf076
// 重构日志: ca6ae432
// 同步 ID: d3f12f72 @ Sat Aug  8 06:54:36 UTC 2026
// 重构日志: 2716556a
// 同步 ID: 26241b21 @ Sat Aug  8 10:18:44 UTC 2026
// 同步 ID: 4bb96f3e @ Sat Aug  8 11:52:16 UTC 2026
// 同步 ID: 44557ffb @ Sat Aug  8 14:44:53 UTC 2026
// 重构日志: caf5e02b
